
Discarded input sections

 .group         0x00000000        0xc /var/folders/f2/2t2g0r7s3892_prkwgyvg_pr0000gn/T//ccRQeZoX.o
 .group         0x00000000        0xc /var/folders/f2/2t2g0r7s3892_prkwgyvg_pr0000gn/T//ccRQeZoX.o
 .group         0x00000000        0xc /var/folders/f2/2t2g0r7s3892_prkwgyvg_pr0000gn/T//ccRQeZoX.o
 .group         0x00000000        0xc /var/folders/f2/2t2g0r7s3892_prkwgyvg_pr0000gn/T//ccRQeZoX.o
 .group         0x00000000        0xc /var/folders/f2/2t2g0r7s3892_prkwgyvg_pr0000gn/T//ccRQeZoX.o
 .group         0x00000000        0xc /var/folders/f2/2t2g0r7s3892_prkwgyvg_pr0000gn/T//ccRQeZoX.o
 .group         0x00000000        0xc /var/folders/f2/2t2g0r7s3892_prkwgyvg_pr0000gn/T//ccRQeZoX.o
 .group         0x00000000        0xc /var/folders/f2/2t2g0r7s3892_prkwgyvg_pr0000gn/T//ccRQeZoX.o
 .group         0x00000000        0xc /var/folders/f2/2t2g0r7s3892_prkwgyvg_pr0000gn/T//ccRQeZoX.o
 .group         0x00000000        0xc /var/folders/f2/2t2g0r7s3892_prkwgyvg_pr0000gn/T//ccRQeZoX.o
 .group         0x00000000        0xc /var/folders/f2/2t2g0r7s3892_prkwgyvg_pr0000gn/T//ccRQeZoX.o
 .group         0x00000000        0xc /var/folders/f2/2t2g0r7s3892_prkwgyvg_pr0000gn/T//ccRQeZoX.o
 .group         0x00000000        0xc /var/folders/f2/2t2g0r7s3892_prkwgyvg_pr0000gn/T//ccRQeZoX.o
 .group         0x00000000        0xc /var/folders/f2/2t2g0r7s3892_prkwgyvg_pr0000gn/T//ccRQeZoX.o
 .text          0x00000000        0x0 /var/folders/f2/2t2g0r7s3892_prkwgyvg_pr0000gn/T//ccRQeZoX.o
 .data          0x00000000        0x0 /var/folders/f2/2t2g0r7s3892_prkwgyvg_pr0000gn/T//ccRQeZoX.o
 .bss           0x00000000        0x0 /var/folders/f2/2t2g0r7s3892_prkwgyvg_pr0000gn/T//ccRQeZoX.o

Memory Configuration

Name             Origin             Length             Attributes
flash            0x08000000         0x00200000         xr
sram             0x20000000         0x00030000         xrw
*default*        0x00000000         0xffffffff

Linker script and memory map

LOAD /var/folders/f2/2t2g0r7s3892_prkwgyvg_pr0000gn/T//ccRQeZoX.o
LOAD /Applications/ArmGNUToolchain/14.2.rel1/arm-none-eabi/bin/../lib/gcc/arm-none-eabi/14.2.1/../../../../arm-none-eabi/lib/thumb/v7e-m+fp/hard/libc_nano.a
LOAD /Applications/ArmGNUToolchain/14.2.rel1/arm-none-eabi/bin/../lib/gcc/arm-none-eabi/14.2.1/thumb/v7e-m+fp/hard/libgcc.a
                0x20030000                        _estack = (ORIGIN (sram) + LENGTH (sram))

.vectors        0x08000000      0x1ac
 *(.vectors)
 .vectors       0x08000000      0x1ac /var/folders/f2/2t2g0r7s3892_prkwgyvg_pr0000gn/T//ccRQeZoX.o
                0x08000000                tab

.text           0x080001ac       0xd8
 *(.text*)
 .text.SysTick_Handler
                0x080001ac       0x10 /var/folders/f2/2t2g0r7s3892_prkwgyvg_pr0000gn/T//ccRQeZoX.o
                0x080001ac                SysTick_Handler
 .text.timer_expired
                0x080001bc       0x26 /var/folders/f2/2t2g0r7s3892_prkwgyvg_pr0000gn/T//ccRQeZoX.o
                0x080001bc                timer_expired
 *fill*         0x080001e2        0x2 
 .text.startup.main
                0x080001e4       0x64 /var/folders/f2/2t2g0r7s3892_prkwgyvg_pr0000gn/T//ccRQeZoX.o
                0x080001e4                main
 .text._reset   0x08000248       0x3c /var/folders/f2/2t2g0r7s3892_prkwgyvg_pr0000gn/T//ccRQeZoX.o
                0x08000248                _reset

.glue_7         0x08000284        0x0
 .glue_7        0x08000284        0x0 linker stubs

.glue_7t        0x08000284        0x0
 .glue_7t       0x08000284        0x0 linker stubs

.vfp11_veneer   0x08000284        0x0
 .vfp11_veneer  0x08000284        0x0 linker stubs

.v4_bx          0x08000284        0x0
 .v4_bx         0x08000284        0x0 linker stubs

.iplt           0x08000284        0x0
 .iplt          0x08000284        0x0 /var/folders/f2/2t2g0r7s3892_prkwgyvg_pr0000gn/T//ccRQeZoX.o

.rel.dyn        0x08000284        0x0
 .rel.iplt      0x08000284        0x0 /var/folders/f2/2t2g0r7s3892_prkwgyvg_pr0000gn/T//ccRQeZoX.o

.rodata
 *(.rodata*)

.data           0x20000000        0x0 load address 0x08000284
                0x20000000                        _sdata = .
 *(.first_data)
 *(.data SORT_BY_NAME(.data.*))
                0x20000000                        _edata = .
                0x08000284                        _sidata = LOADADDR (.data)

.igot.plt       0x20000000        0x0 load address 0x08000284
 .igot.plt      0x20000000        0x0 /var/folders/f2/2t2g0r7s3892_prkwgyvg_pr0000gn/T//ccRQeZoX.o

.bss            0x20000000        0x4 load address 0x08000284
                0x20000000                        _sbss = .
 *(.bss SORT_BY_NAME(.bss.*) COMMON)
 .bss.s_ticks   0x20000000        0x4 /var/folders/f2/2t2g0r7s3892_prkwgyvg_pr0000gn/T//ccRQeZoX.o
                0x20000004                        _ebss = .
                0x20000008                        . = ALIGN (0x8)
                0x20000008                        _end = .
OUTPUT(firmware.elf elf32-littlearm)
LOAD linker stubs

.debug_info     0x00000000      0x5a1
 .debug_info    0x00000000      0x5a1 /var/folders/f2/2t2g0r7s3892_prkwgyvg_pr0000gn/T//ccRQeZoX.o

.debug_abbrev   0x00000000      0x2a2
 .debug_abbrev  0x00000000      0x2a2 /var/folders/f2/2t2g0r7s3892_prkwgyvg_pr0000gn/T//ccRQeZoX.o

.debug_loclists
                0x00000000      0x10b
 .debug_loclists
                0x00000000      0x10b /var/folders/f2/2t2g0r7s3892_prkwgyvg_pr0000gn/T//ccRQeZoX.o

.debug_aranges  0x00000000       0x38
 .debug_aranges
                0x00000000       0x38 /var/folders/f2/2t2g0r7s3892_prkwgyvg_pr0000gn/T//ccRQeZoX.o

.debug_rnglists
                0x00000000       0x49
 .debug_rnglists
                0x00000000       0x49 /var/folders/f2/2t2g0r7s3892_prkwgyvg_pr0000gn/T//ccRQeZoX.o

.debug_macro    0x00000000     0x1614
 .debug_macro   0x00000000       0xe2 /var/folders/f2/2t2g0r7s3892_prkwgyvg_pr0000gn/T//ccRQeZoX.o
 .debug_macro   0x000000e2      0xacc /var/folders/f2/2t2g0r7s3892_prkwgyvg_pr0000gn/T//ccRQeZoX.o
 .debug_macro   0x00000bae       0x22 /var/folders/f2/2t2g0r7s3892_prkwgyvg_pr0000gn/T//ccRQeZoX.o
 .debug_macro   0x00000bd0       0x5b /var/folders/f2/2t2g0r7s3892_prkwgyvg_pr0000gn/T//ccRQeZoX.o
 .debug_macro   0x00000c2b       0x2a /var/folders/f2/2t2g0r7s3892_prkwgyvg_pr0000gn/T//ccRQeZoX.o
 .debug_macro   0x00000c55       0x94 /var/folders/f2/2t2g0r7s3892_prkwgyvg_pr0000gn/T//ccRQeZoX.o
 .debug_macro   0x00000ce9       0x43 /var/folders/f2/2t2g0r7s3892_prkwgyvg_pr0000gn/T//ccRQeZoX.o
 .debug_macro   0x00000d2c      0x103 /var/folders/f2/2t2g0r7s3892_prkwgyvg_pr0000gn/T//ccRQeZoX.o
 .debug_macro   0x00000e2f       0x3a /var/folders/f2/2t2g0r7s3892_prkwgyvg_pr0000gn/T//ccRQeZoX.o
 .debug_macro   0x00000e69       0x57 /var/folders/f2/2t2g0r7s3892_prkwgyvg_pr0000gn/T//ccRQeZoX.o
 .debug_macro   0x00000ec0       0x6a /var/folders/f2/2t2g0r7s3892_prkwgyvg_pr0000gn/T//ccRQeZoX.o
 .debug_macro   0x00000f2a      0x1df /var/folders/f2/2t2g0r7s3892_prkwgyvg_pr0000gn/T//ccRQeZoX.o
 .debug_macro   0x00001109       0x89 /var/folders/f2/2t2g0r7s3892_prkwgyvg_pr0000gn/T//ccRQeZoX.o
 .debug_macro   0x00001192      0x460 /var/folders/f2/2t2g0r7s3892_prkwgyvg_pr0000gn/T//ccRQeZoX.o
 .debug_macro   0x000015f2       0x22 /var/folders/f2/2t2g0r7s3892_prkwgyvg_pr0000gn/T//ccRQeZoX.o

.debug_line     0x00000000      0x44c
 .debug_line    0x00000000      0x44c /var/folders/f2/2t2g0r7s3892_prkwgyvg_pr0000gn/T//ccRQeZoX.o

.debug_str      0x00000000     0x53bc
 .debug_str     0x00000000     0x53bc /var/folders/f2/2t2g0r7s3892_prkwgyvg_pr0000gn/T//ccRQeZoX.o
                               0x5575 (size before relaxing)

.comment        0x00000000       0x45
 .comment       0x00000000       0x45 /var/folders/f2/2t2g0r7s3892_prkwgyvg_pr0000gn/T//ccRQeZoX.o
                                 0x46 (size before relaxing)

.ARM.attributes
                0x00000000       0x34
 .ARM.attributes
                0x00000000       0x34 /var/folders/f2/2t2g0r7s3892_prkwgyvg_pr0000gn/T//ccRQeZoX.o

.debug_frame    0x00000000       0x64
 .debug_frame   0x00000000       0x64 /var/folders/f2/2t2g0r7s3892_prkwgyvg_pr0000gn/T//ccRQeZoX.o
