
Discarded input sections

 .group         0x00000000        0xc /var/folders/f2/2t2g0r7s3892_prkwgyvg_pr0000gn/T//ccI8kBq1.o
 .group         0x00000000        0xc /var/folders/f2/2t2g0r7s3892_prkwgyvg_pr0000gn/T//ccI8kBq1.o
 .group         0x00000000        0xc /var/folders/f2/2t2g0r7s3892_prkwgyvg_pr0000gn/T//ccI8kBq1.o
 .group         0x00000000        0xc /var/folders/f2/2t2g0r7s3892_prkwgyvg_pr0000gn/T//ccI8kBq1.o
 .group         0x00000000        0xc /var/folders/f2/2t2g0r7s3892_prkwgyvg_pr0000gn/T//ccI8kBq1.o
 .group         0x00000000        0xc /var/folders/f2/2t2g0r7s3892_prkwgyvg_pr0000gn/T//ccI8kBq1.o
 .group         0x00000000        0xc /var/folders/f2/2t2g0r7s3892_prkwgyvg_pr0000gn/T//ccI8kBq1.o
 .group         0x00000000        0xc /var/folders/f2/2t2g0r7s3892_prkwgyvg_pr0000gn/T//ccI8kBq1.o
 .group         0x00000000        0xc /var/folders/f2/2t2g0r7s3892_prkwgyvg_pr0000gn/T//ccI8kBq1.o
 .group         0x00000000        0xc /var/folders/f2/2t2g0r7s3892_prkwgyvg_pr0000gn/T//ccI8kBq1.o
 .group         0x00000000        0xc /var/folders/f2/2t2g0r7s3892_prkwgyvg_pr0000gn/T//ccI8kBq1.o
 .group         0x00000000        0xc /var/folders/f2/2t2g0r7s3892_prkwgyvg_pr0000gn/T//ccI8kBq1.o
 .group         0x00000000        0xc /var/folders/f2/2t2g0r7s3892_prkwgyvg_pr0000gn/T//ccI8kBq1.o
 .group         0x00000000        0xc /var/folders/f2/2t2g0r7s3892_prkwgyvg_pr0000gn/T//ccI8kBq1.o
 .text          0x00000000        0x0 /var/folders/f2/2t2g0r7s3892_prkwgyvg_pr0000gn/T//ccI8kBq1.o
 .data          0x00000000        0x0 /var/folders/f2/2t2g0r7s3892_prkwgyvg_pr0000gn/T//ccI8kBq1.o
 .bss           0x00000000        0x0 /var/folders/f2/2t2g0r7s3892_prkwgyvg_pr0000gn/T//ccI8kBq1.o

Memory Configuration

Name             Origin             Length             Attributes
flash            0x08000000         0x00200000         xr
sram             0x20000000         0x00030000         xrw
*default*        0x00000000         0xffffffff

Linker script and memory map

LOAD /var/folders/f2/2t2g0r7s3892_prkwgyvg_pr0000gn/T//ccI8kBq1.o
LOAD /Applications/ArmGNUToolchain/14.2.rel1/arm-none-eabi/bin/../lib/gcc/arm-none-eabi/14.2.1/../../../../arm-none-eabi/lib/thumb/v7e-m+fp/hard/libc_nano.a
LOAD /Applications/ArmGNUToolchain/14.2.rel1/arm-none-eabi/bin/../lib/gcc/arm-none-eabi/14.2.1/thumb/v7e-m+fp/hard/libgcc.a
                0x20030000                        _estack = (ORIGIN (sram) + LENGTH (sram))

.vectors        0x08000000      0x1ac
 *(.vectors)
 .vectors       0x08000000      0x1ac /var/folders/f2/2t2g0r7s3892_prkwgyvg_pr0000gn/T//ccI8kBq1.o
                0x08000000                tab

.text           0x080001ac       0xa0
 *(.text*)
 .text.startup.main
                0x080001ac       0x64 /var/folders/f2/2t2g0r7s3892_prkwgyvg_pr0000gn/T//ccI8kBq1.o
                0x080001ac                main
 .text._reset   0x08000210       0x3c /var/folders/f2/2t2g0r7s3892_prkwgyvg_pr0000gn/T//ccI8kBq1.o
                0x08000210                _reset

.glue_7         0x0800024c        0x0
 .glue_7        0x0800024c        0x0 linker stubs

.glue_7t        0x0800024c        0x0
 .glue_7t       0x0800024c        0x0 linker stubs

.vfp11_veneer   0x0800024c        0x0
 .vfp11_veneer  0x0800024c        0x0 linker stubs

.v4_bx          0x0800024c        0x0
 .v4_bx         0x0800024c        0x0 linker stubs

.iplt           0x0800024c        0x0
 .iplt          0x0800024c        0x0 /var/folders/f2/2t2g0r7s3892_prkwgyvg_pr0000gn/T//ccI8kBq1.o

.rel.dyn        0x0800024c        0x0
 .rel.iplt      0x0800024c        0x0 /var/folders/f2/2t2g0r7s3892_prkwgyvg_pr0000gn/T//ccI8kBq1.o

.rodata
 *(.rodata*)

.data           0x20000000        0x0 load address 0x0800024c
                0x20000000                        _sdata = .
 *(.first_data)
 *(.data SORT_BY_NAME(.data.*))
                0x20000000                        _edata = .
                0x0800024c                        _sidata = LOADADDR (.data)

.igot.plt       0x20000000        0x0 load address 0x0800024c
 .igot.plt      0x20000000        0x0 /var/folders/f2/2t2g0r7s3892_prkwgyvg_pr0000gn/T//ccI8kBq1.o

.bss            0x20000000        0x0 load address 0x0800024c
                0x20000000                        _sbss = .
 *(.bss SORT_BY_NAME(.bss.*) COMMON)
                0x20000000                        _ebss = .
                0x20000000                        . = ALIGN (0x8)
                0x20000000                        _end = .
OUTPUT(firmware.elf elf32-littlearm)
LOAD linker stubs

.debug_info     0x00000000      0x529
 .debug_info    0x00000000      0x529 /var/folders/f2/2t2g0r7s3892_prkwgyvg_pr0000gn/T//ccI8kBq1.o

.debug_abbrev   0x00000000      0x230
 .debug_abbrev  0x00000000      0x230 /var/folders/f2/2t2g0r7s3892_prkwgyvg_pr0000gn/T//ccI8kBq1.o

.debug_loclists
                0x00000000      0x107
 .debug_loclists
                0x00000000      0x107 /var/folders/f2/2t2g0r7s3892_prkwgyvg_pr0000gn/T//ccI8kBq1.o

.debug_aranges  0x00000000       0x28
 .debug_aranges
                0x00000000       0x28 /var/folders/f2/2t2g0r7s3892_prkwgyvg_pr0000gn/T//ccI8kBq1.o

.debug_rnglists
                0x00000000       0x3d
 .debug_rnglists
                0x00000000       0x3d /var/folders/f2/2t2g0r7s3892_prkwgyvg_pr0000gn/T//ccI8kBq1.o

.debug_macro    0x00000000     0x160e
 .debug_macro   0x00000000       0xdc /var/folders/f2/2t2g0r7s3892_prkwgyvg_pr0000gn/T//ccI8kBq1.o
 .debug_macro   0x000000dc      0xacc /var/folders/f2/2t2g0r7s3892_prkwgyvg_pr0000gn/T//ccI8kBq1.o
 .debug_macro   0x00000ba8       0x22 /var/folders/f2/2t2g0r7s3892_prkwgyvg_pr0000gn/T//ccI8kBq1.o
 .debug_macro   0x00000bca       0x5b /var/folders/f2/2t2g0r7s3892_prkwgyvg_pr0000gn/T//ccI8kBq1.o
 .debug_macro   0x00000c25       0x2a /var/folders/f2/2t2g0r7s3892_prkwgyvg_pr0000gn/T//ccI8kBq1.o
 .debug_macro   0x00000c4f       0x94 /var/folders/f2/2t2g0r7s3892_prkwgyvg_pr0000gn/T//ccI8kBq1.o
 .debug_macro   0x00000ce3       0x43 /var/folders/f2/2t2g0r7s3892_prkwgyvg_pr0000gn/T//ccI8kBq1.o
 .debug_macro   0x00000d26      0x103 /var/folders/f2/2t2g0r7s3892_prkwgyvg_pr0000gn/T//ccI8kBq1.o
 .debug_macro   0x00000e29       0x3a /var/folders/f2/2t2g0r7s3892_prkwgyvg_pr0000gn/T//ccI8kBq1.o
 .debug_macro   0x00000e63       0x57 /var/folders/f2/2t2g0r7s3892_prkwgyvg_pr0000gn/T//ccI8kBq1.o
 .debug_macro   0x00000eba       0x6a /var/folders/f2/2t2g0r7s3892_prkwgyvg_pr0000gn/T//ccI8kBq1.o
 .debug_macro   0x00000f24      0x1df /var/folders/f2/2t2g0r7s3892_prkwgyvg_pr0000gn/T//ccI8kBq1.o
 .debug_macro   0x00001103       0x89 /var/folders/f2/2t2g0r7s3892_prkwgyvg_pr0000gn/T//ccI8kBq1.o
 .debug_macro   0x0000118c      0x460 /var/folders/f2/2t2g0r7s3892_prkwgyvg_pr0000gn/T//ccI8kBq1.o
 .debug_macro   0x000015ec       0x22 /var/folders/f2/2t2g0r7s3892_prkwgyvg_pr0000gn/T//ccI8kBq1.o

.debug_line     0x00000000      0x3f9
 .debug_line    0x00000000      0x3f9 /var/folders/f2/2t2g0r7s3892_prkwgyvg_pr0000gn/T//ccI8kBq1.o

.debug_str      0x00000000     0x5358
 .debug_str     0x00000000     0x5358 /var/folders/f2/2t2g0r7s3892_prkwgyvg_pr0000gn/T//ccI8kBq1.o
                               0x54fd (size before relaxing)

.comment        0x00000000       0x45
 .comment       0x00000000       0x45 /var/folders/f2/2t2g0r7s3892_prkwgyvg_pr0000gn/T//ccI8kBq1.o
                                 0x46 (size before relaxing)

.ARM.attributes
                0x00000000       0x34
 .ARM.attributes
                0x00000000       0x34 /var/folders/f2/2t2g0r7s3892_prkwgyvg_pr0000gn/T//ccI8kBq1.o

.debug_frame    0x00000000       0x30
 .debug_frame   0x00000000       0x30 /var/folders/f2/2t2g0r7s3892_prkwgyvg_pr0000gn/T//ccI8kBq1.o
