
Discarded input sections

 .group         0x00000000        0xc /var/folders/f2/2t2g0r7s3892_prkwgyvg_pr0000gn/T//ccJ5Wvev.o
 .text          0x00000000        0x0 /var/folders/f2/2t2g0r7s3892_prkwgyvg_pr0000gn/T//ccJ5Wvev.o
 .data          0x00000000        0x0 /var/folders/f2/2t2g0r7s3892_prkwgyvg_pr0000gn/T//ccJ5Wvev.o
 .bss           0x00000000        0x0 /var/folders/f2/2t2g0r7s3892_prkwgyvg_pr0000gn/T//ccJ5Wvev.o
 .text.startup.main
                0x00000000        0x4 /var/folders/f2/2t2g0r7s3892_prkwgyvg_pr0000gn/T//ccJ5Wvev.o

Memory Configuration

Name             Origin             Length             Attributes
flash            0x08000000         0x00200000         xr
sram             0x20000000         0x00030000         xrw
*default*        0x00000000         0xffffffff

Linker script and memory map

LOAD /var/folders/f2/2t2g0r7s3892_prkwgyvg_pr0000gn/T//ccJ5Wvev.o
LOAD /Applications/ArmGNUToolchain/14.2.rel1/arm-none-eabi/bin/../lib/gcc/arm-none-eabi/14.2.1/../../../../arm-none-eabi/lib/thumb/v7e-m+fp/hard/libc_nano.a
LOAD /Applications/ArmGNUToolchain/14.2.rel1/arm-none-eabi/bin/../lib/gcc/arm-none-eabi/14.2.1/thumb/v7e-m+fp/hard/libgcc.a
                0x20030000                        _estack = (ORIGIN (sram) + LENGTH (sram))

.vectors        0x08000000      0x1ac
 *(.vectors)
 .vectors       0x08000000      0x1ac /var/folders/f2/2t2g0r7s3892_prkwgyvg_pr0000gn/T//ccJ5Wvev.o
                0x08000000                tab

.text           0x080001ac       0x3c
 *(.text*)
 .text._reset   0x080001ac       0x3c /var/folders/f2/2t2g0r7s3892_prkwgyvg_pr0000gn/T//ccJ5Wvev.o
                0x080001ac                _reset

.glue_7         0x080001e8        0x0
 .glue_7        0x080001e8        0x0 linker stubs

.glue_7t        0x080001e8        0x0
 .glue_7t       0x080001e8        0x0 linker stubs

.vfp11_veneer   0x080001e8        0x0
 .vfp11_veneer  0x080001e8        0x0 linker stubs

.v4_bx          0x080001e8        0x0
 .v4_bx         0x080001e8        0x0 linker stubs

.iplt           0x080001e8        0x0
 .iplt          0x080001e8        0x0 /var/folders/f2/2t2g0r7s3892_prkwgyvg_pr0000gn/T//ccJ5Wvev.o

.rel.dyn        0x080001e8        0x0
 .rel.iplt      0x080001e8        0x0 /var/folders/f2/2t2g0r7s3892_prkwgyvg_pr0000gn/T//ccJ5Wvev.o

.rodata
 *(.rodata*)

.data           0x20000000        0x0 load address 0x080001e8
                0x20000000                        _sdata = .
 *(.first_data)
 *(.data SORT_BY_NAME(.data.*))
                0x20000000                        _edata = .
                0x080001e8                        _sidata = LOADADDR (.data)

.igot.plt       0x20000000        0x0 load address 0x080001e8
 .igot.plt      0x20000000        0x0 /var/folders/f2/2t2g0r7s3892_prkwgyvg_pr0000gn/T//ccJ5Wvev.o

.bss            0x20000000        0x0 load address 0x080001e8
                0x20000000                        _sbss = .
 *(.bss SORT_BY_NAME(.bss.*) COMMON)
                0x20000000                        _ebss = .
                0x20000000                        . = ALIGN (0x8)
                0x20000000                        _end = .
OUTPUT(firmware.elf elf32-littlearm)
LOAD linker stubs

.debug_info     0x00000000      0x12b
 .debug_info    0x00000000      0x12b /var/folders/f2/2t2g0r7s3892_prkwgyvg_pr0000gn/T//ccJ5Wvev.o

.debug_abbrev   0x00000000       0xf9
 .debug_abbrev  0x00000000       0xf9 /var/folders/f2/2t2g0r7s3892_prkwgyvg_pr0000gn/T//ccJ5Wvev.o

.debug_loclists
                0x00000000       0x71
 .debug_loclists
                0x00000000       0x71 /var/folders/f2/2t2g0r7s3892_prkwgyvg_pr0000gn/T//ccJ5Wvev.o

.debug_aranges  0x00000000       0x28
 .debug_aranges
                0x00000000       0x28 /var/folders/f2/2t2g0r7s3892_prkwgyvg_pr0000gn/T//ccJ5Wvev.o

.debug_rnglists
                0x00000000       0x31
 .debug_rnglists
                0x00000000       0x31 /var/folders/f2/2t2g0r7s3892_prkwgyvg_pr0000gn/T//ccJ5Wvev.o

.debug_macro    0x00000000      0xadd
 .debug_macro   0x00000000       0x11 /var/folders/f2/2t2g0r7s3892_prkwgyvg_pr0000gn/T//ccJ5Wvev.o
 .debug_macro   0x00000011      0xacc /var/folders/f2/2t2g0r7s3892_prkwgyvg_pr0000gn/T//ccJ5Wvev.o

.debug_line     0x00000000       0xc0
 .debug_line    0x00000000       0xc0 /var/folders/f2/2t2g0r7s3892_prkwgyvg_pr0000gn/T//ccJ5Wvev.o

.debug_str      0x00000000     0x2e9a
 .debug_str     0x00000000     0x2e9a /var/folders/f2/2t2g0r7s3892_prkwgyvg_pr0000gn/T//ccJ5Wvev.o
                               0x2eb0 (size before relaxing)

.comment        0x00000000       0x45
 .comment       0x00000000       0x45 /var/folders/f2/2t2g0r7s3892_prkwgyvg_pr0000gn/T//ccJ5Wvev.o
                                 0x46 (size before relaxing)

.ARM.attributes
                0x00000000       0x34
 .ARM.attributes
                0x00000000       0x34 /var/folders/f2/2t2g0r7s3892_prkwgyvg_pr0000gn/T//ccJ5Wvev.o

.debug_frame    0x00000000       0x30
 .debug_frame   0x00000000       0x30 /var/folders/f2/2t2g0r7s3892_prkwgyvg_pr0000gn/T//ccJ5Wvev.o
